error: invalid character `'.'` in crate name: `asm_op_decorate.spirt`

error: aborting due to previous error

