OpCapability RuntimeDescriptorArray
OpCapability Shader
OpExtension "SPV_EXT_descriptor_indexing"
OpMemoryModel Logical Simple
OpEntryPoint Fragment %1 "main"
OpExecutionMode %1 OriginUpperLeft
%2 = OpString "$DIR/asm_op_decorate.rs"
OpName %3 "asm_op_decorate::add_decorate"
OpName %4 "asm_op_decorate::main"
OpDecorate %5 ArrayStride 4
OpDecorate %6 DescriptorSet 0
OpDecorate %6 Binding 0
%7 = OpTypeVoid
%8 = OpTypeFunction %7
%9 = OpTypeInt 32 0
%10 = OpConstant  %9  1
%11 = OpTypeFloat 32
%12 = OpTypeImage %11 2D 0 0 0 1 Unknown
%13 = OpTypeSampledImage %12
%5 = OpTypeRuntimeArray %13
%14 = OpTypePointer UniformConstant %5
%6 = OpVariable  %14  UniformConstant
%15 = OpTypePointer UniformConstant %13
