%1 = OpFunction  %2  None %3
%4 = OpFunctionParameter  %2
%5 = OpFunctionParameter  %2
%6 = OpLabel
OpLine %7 10 8
%8 = OpIAdd  %2  %4 %5
OpLine %7 18 1
OpReturnValue %8
OpFunctionEnd
