error: invalid character `'.'` in crate name: `custom_entry_point.spirt`

error: aborting due to previous error

