error: invalid character `'.'` in crate name: `generic_fn_op_name.spirt`

error: aborting due to previous error

