OpCapability Float64
OpCapability Int16
OpCapability Int64
OpCapability Int8
OpCapability Shader
OpMemoryModel Logical Simple
OpEntryPoint Fragment %1 "main"
OpExecutionMode %1 OriginUpperLeft
%2 = OpString "$OPSTRING_FILENAME/generic-fn-op-name.rs"
OpName %3 "generic_fn_op_name::generic"
OpName %4 "generic_fn_op_name::main"
%5 = OpTypeVoid
%6 = OpTypeFunction %5
