error: invalid character `'.'` in crate name: `index_user_dst.spirt`

error: aborting due to previous error

