%1 = OpFunction  %2  None %3
%4 = OpLabel
OpLine %5 11 12
%6 = OpLoad  %7  %8
OpLine %5 11 35
%9 = OpLoad  %7  %10
OpLine %11 1157 4
%12 = OpBitwiseAnd  %7  %9 %13
%14 = OpISub  %7  %15 %12
%16 = OpShiftLeftLogical  %7  %6 %12
%17 = OpShiftRightLogical  %7  %6 %14
%18 = OpBitwiseOr  %7  %16 %17
%19 = OpIEqual  %20  %12 %21
%22 = OpSelect  %7  %19 %6 %18
%23 = OpBitwiseAnd  %7  %9 %13
%24 = OpISub  %7  %15 %23
%25 = OpShiftRightLogical  %7  %6 %23
%26 = OpShiftLeftLogical  %7  %6 %24
%27 = OpBitwiseOr  %7  %25 %26
%28 = OpIEqual  %20  %23 %21
%29 = OpSelect  %7  %28 %6 %27
OpLine %5 12 4
%30 = OpInBoundsAccessChain  %31  %32 %21
OpStore %30 %22
%33 = OpInBoundsAccessChain  %31  %32 %34
OpStore %33 %29
OpNoLine
OpReturn
OpFunctionEnd
