OpCapability Float64
OpCapability Int16
OpCapability Int64
OpCapability Int8
OpCapability ShaderClockKHR
OpCapability Shader
OpExtension "SPV_KHR_shader_clock"
OpMemoryModel Logical Simple
OpEntryPoint Fragment %1 "main" %2
OpExecutionMode %1 OriginUpperLeft
%3 = OpString "$OPSTRING_FILENAME/issue-723-output.not_spirt.rs"
OpName %4 "issue_723_output::main"
OpDecorate %2 Location 0
%5 = OpTypeVoid
%6 = OpTypeFloat 32
%7 = OpTypeVector %6 4
%8 = OpTypePointer Output %7
%9 = OpTypeFunction %5
%2 = OpVariable  %8  Output
