OpCapability Shader
OpCapability Float64
OpCapability Int64
OpCapability Int16
OpCapability Int8
OpCapability ShaderClockKHR
OpExtension "SPV_KHR_non_semantic_info"
OpExtension "SPV_KHR_shader_clock"
%1 = OpExtInstImport "NonSemantic.DebugPrintf"
OpMemoryModel Logical Simple
OpEntryPoint Fragment %2 "main" %3 %4 %5
OpExecutionMode %2 OriginUpperLeft
%6 = OpString "/n[Rust panicked at $DIR/panic_sequential_many.rs:29:10]/n attempt to divide by zero/n      in main()/n"
%7 = OpString "$DIR/panic_sequential_many.rs"
OpName %3 "x"
OpName %4 "y"
OpName %5 "o"
OpDecorate %3 Flat
OpDecorate %3 Location 0
OpDecorate %4 Flat
OpDecorate %4 Location 1
OpDecorate %5 Location 0
%8 = OpTypeInt 32 0
%9 = OpTypePointer Input %8
%10 = OpTypePointer Output %8
%11 = OpTypeVoid
%12 = OpTypeFunction %11
%3 = OpVariable  %9  Input
%4 = OpVariable  %9  Input
%13 = OpTypeBool
%14 = OpConstant  %8  0
%5 = OpVariable  %10  Output
%2 = OpFunction  %11  None %12
%15 = OpLabel
OpLine %7 26 12
%16 = OpLoad  %8  %3
OpLine %7 26 35
%17 = OpLoad  %8  %4
OpLine %7 29 9
%18 = OpIEqual  %13  %17 %14
OpNoLine
OpSelectionMerge %19 None
OpBranchConditional %18 %20 %21
%20 = OpLabel
OpLine %7 29 9
%22 = OpExtInst  %11  %1 1 %6
OpNoLine
OpBranch %19
%21 = OpLabel
OpLine %7 29 9
%23 = OpUDiv  %8  %16 %17
%24 = OpIEqual  %13  %17 %14
OpNoLine
OpSelectionMerge %25 None
OpBranchConditional %24 %26 %27
%26 = OpLabel
OpLine %7 29 9
%28 = OpExtInst  %11  %1 1 %6
OpNoLine
OpBranch %25
%27 = OpLabel
OpLine %7 29 9
%29 = OpUDiv  %8  %23 %17
%30 = OpIEqual  %13  %17 %14
OpNoLine
OpSelectionMerge %31 None
OpBranchConditional %30 %32 %33
%32 = OpLabel
OpLine %7 29 9
%34 = OpExtInst  %11  %1 1 %6
OpNoLine
OpBranch %31
%33 = OpLabel
OpLine %7 29 9
%35 = OpUDiv  %8  %29 %17
%36 = OpIEqual  %13  %17 %14
OpNoLine
OpSelectionMerge %37 None
OpBranchConditional %36 %38 %39
%38 = OpLabel
OpLine %7 29 9
%40 = OpExtInst  %11  %1 1 %6
OpNoLine
OpBranch %37
%39 = OpLabel
OpLine %7 29 9
%41 = OpUDiv  %8  %35 %17
%42 = OpIEqual  %13  %17 %14
OpNoLine
OpSelectionMerge %43 None
OpBranchConditional %42 %44 %45
%44 = OpLabel
OpLine %7 29 9
%46 = OpExtInst  %11  %1 1 %6
OpNoLine
OpBranch %43
%45 = OpLabel
OpLine %7 29 9
%47 = OpUDiv  %8  %41 %17
%48 = OpIEqual  %13  %17 %14
OpNoLine
OpSelectionMerge %49 None
OpBranchConditional %48 %50 %51
%50 = OpLabel
OpLine %7 29 9
%52 = OpExtInst  %11  %1 1 %6
OpNoLine
OpBranch %49
%51 = OpLabel
OpLine %7 29 9
%53 = OpUDiv  %8  %47 %17
%54 = OpIEqual  %13  %17 %14
OpNoLine
OpSelectionMerge %55 None
OpBranchConditional %54 %56 %57
%56 = OpLabel
OpLine %7 29 9
%58 = OpExtInst  %11  %1 1 %6
OpNoLine
OpBranch %55
%57 = OpLabel
OpLine %7 29 9
%59 = OpUDiv  %8  %53 %17
%60 = OpIEqual  %13  %17 %14
OpNoLine
OpSelectionMerge %61 None
OpBranchConditional %60 %62 %63
%62 = OpLabel
OpLine %7 29 9
%64 = OpExtInst  %11  %1 1 %6
OpNoLine
OpBranch %61
%63 = OpLabel
OpLine %7 29 9
%65 = OpUDiv  %8  %59 %17
%66 = OpIEqual  %13  %17 %14
OpNoLine
OpSelectionMerge %67 None
OpBranchConditional %66 %68 %69
%68 = OpLabel
OpLine %7 29 9
%70 = OpExtInst  %11  %1 1 %6
OpNoLine
OpBranch %67
%69 = OpLabel
OpLine %7 29 9
%71 = OpUDiv  %8  %65 %17
%72 = OpIEqual  %13  %17 %14
OpNoLine
OpSelectionMerge %73 None
OpBranchConditional %72 %74 %75
%74 = OpLabel
OpLine %7 29 9
%76 = OpExtInst  %11  %1 1 %6
OpNoLine
OpBranch %73
%75 = OpLabel
OpLine %7 29 9
%77 = OpUDiv  %8  %71 %17
%78 = OpIEqual  %13  %17 %14
OpNoLine
OpSelectionMerge %79 None
OpBranchConditional %78 %80 %81
%80 = OpLabel
OpLine %7 29 9
%82 = OpExtInst  %11  %1 1 %6
OpNoLine
OpBranch %79
%81 = OpLabel
OpLine %7 29 9
%83 = OpUDiv  %8  %77 %17
%84 = OpIEqual  %13  %17 %14
OpNoLine
OpSelectionMerge %85 None
OpBranchConditional %84 %86 %87
%86 = OpLabel
OpLine %7 29 9
%88 = OpExtInst  %11  %1 1 %6
OpNoLine
OpBranch %85
%87 = OpLabel
OpLine %7 29 9
%89 = OpUDiv  %8  %83 %17
%90 = OpIEqual  %13  %17 %14
OpNoLine
OpSelectionMerge %91 None
OpBranchConditional %90 %92 %93
%92 = OpLabel
OpLine %7 29 9
%94 = OpExtInst  %11  %1 1 %6
OpNoLine
OpBranch %91
%93 = OpLabel
OpLine %7 29 9
%95 = OpUDiv  %8  %89 %17
%96 = OpIEqual  %13  %17 %14
OpNoLine
OpSelectionMerge %97 None
OpBranchConditional %96 %98 %99
%98 = OpLabel
OpLine %7 29 9
%100 = OpExtInst  %11  %1 1 %6
OpNoLine
OpBranch %97
%99 = OpLabel
OpLine %7 29 9
%101 = OpUDiv  %8  %95 %17
%102 = OpIEqual  %13  %17 %14
OpNoLine
OpSelectionMerge %103 None
OpBranchConditional %102 %104 %105
%104 = OpLabel
OpLine %7 29 9
%106 = OpExtInst  %11  %1 1 %6
OpNoLine
OpBranch %103
%105 = OpLabel
OpLine %7 29 9
%107 = OpUDiv  %8  %101 %17
%108 = OpIEqual  %13  %17 %14
OpNoLine
OpSelectionMerge %109 None
OpBranchConditional %108 %110 %111
%110 = OpLabel
OpLine %7 29 9
%112 = OpExtInst  %11  %1 1 %6
OpNoLine
OpBranch %109
%111 = OpLabel
OpLine %7 29 9
%113 = OpUDiv  %8  %107 %17
%114 = OpIEqual  %13  %17 %14
OpNoLine
OpSelectionMerge %115 None
OpBranchConditional %114 %116 %117
%116 = OpLabel
OpLine %7 29 9
%118 = OpExtInst  %11  %1 1 %6
OpNoLine
OpBranch %115
%117 = OpLabel
OpLine %7 29 4
%119 = OpUDiv  %8  %113 %17
OpStore %5 %119
OpNoLine
OpBranch %115
%115 = OpLabel
OpBranch %109
%109 = OpLabel
OpBranch %103
%103 = OpLabel
OpBranch %97
%97 = OpLabel
OpBranch %91
%91 = OpLabel
OpBranch %85
%85 = OpLabel
OpBranch %79
%79 = OpLabel
OpBranch %73
%73 = OpLabel
OpBranch %67
%67 = OpLabel
OpBranch %61
%61 = OpLabel
OpBranch %55
%55 = OpLabel
OpBranch %49
%49 = OpLabel
OpBranch %43
%43 = OpLabel
OpBranch %37
%37 = OpLabel
OpBranch %31
%31 = OpLabel
OpBranch %25
%25 = OpLabel
OpBranch %19
%19 = OpLabel
OpReturn
OpFunctionEnd
