%1 = OpFunction  %2  None %3
%4 = OpLabel
OpLine %5 31 12
%6 = OpLoad  %7  %8
OpLine %5 32 14
%9 = OpFunctionCall  %10  %11 %6
OpLine %5 33 15
%12 = OpCompositeExtract  %13  %9 0
OpLine %5 33 24
%14 = OpCompositeExtract  %15  %9 1
OpLine %5 33 32
%16 = OpCompositeExtract  %15  %9 2
OpLine %5 33 23
%17 = OpIAdd  %15  %14 %16
OpLine %5 33 23
%18 = OpUConvert  %13  %17
OpLine %5 33 4
%19 = OpIAdd  %13  %12 %18
OpStore %20 %19
OpLine %5 34 1
OpReturn
OpFunctionEnd
