%1 = OpFunction  %2  None %3
%4 = OpFunctionParameter  %5
%6 = OpFunctionParameter  %5
%7 = OpLabel
OpLine %8 7 35
%9 = OpLoad  %10  %4
OpLine %11 1400 8
OpStore %6 %9
OpNoLine
OpReturn
OpFunctionEnd
