%1 = OpFunction  %2  None %3
%4 = OpFunctionParameter  %5
%6 = OpFunctionParameter  %5
%7 = OpLabel
OpLine %8 1117 8
%9 = OpLoad  %10  %4
OpLine %11 7 13
OpStore %6 %9
OpLine %11 8 1
OpReturn
OpFunctionEnd
