%1 = OpFunction  %2  None %3
%4 = OpFunctionParameter  %5
%6 = OpFunctionParameter  %5
%7 = OpLabel
OpLine %8 17 17
OpCopyMemory %6 %4
OpNoLine
OpReturn
OpFunctionEnd
