OpCapability Shader
OpCapability Float64
OpCapability Int64
OpCapability Int16
OpCapability Int8
OpCapability ShaderClockKHR
OpExtension "SPV_KHR_shader_clock"
OpMemoryModel Logical Simple
OpEntryPoint Fragment %1 "main" %2
OpExecutionMode %1 OriginUpperLeft
%3 = OpString "$OPSTRING_FILENAME/spec_constant-attr.rs"
OpName %4 "no_default"
OpName %5 "default_0"
OpName %6 "default_123"
OpName %7 "max_id_and_default"
OpName %2 "out"
OpDecorate %4 SpecId 1
OpDecorate %5 SpecId 2
OpDecorate %6 SpecId 123
OpDecorate %7 SpecId 4294967295
OpDecorate %2 Location 0
%8 = OpTypeInt 32 0
%9 = OpTypePointer Output %8
%10 = OpTypeVoid
%11 = OpTypeFunction %10
%4 = OpSpecConstant  %8  0
%5 = OpSpecConstant  %8  0
%6 = OpSpecConstant  %8  123
%7 = OpSpecConstant  %8  4294967295
%2 = OpVariable  %9  Output
