error: invalid character `'.'` in crate name: `unwrap_or.not_spirt`

error: aborting due to previous error

