%1 = OpFunction  %2  None %3
%4 = OpFunctionParameter  %2
%5 = OpLabel
OpLine %6 376 8
%7 = OpGroupNonUniformBallot  %8  %9 %4
OpLine %6 412 8
%10 = OpGroupNonUniformInverseBallot  %2  %9 %7
OpNoLine
OpReturnValue %10
OpFunctionEnd
