%1 = OpFunction  %2  None %3
%4 = OpFunctionParameter  %2
%5 = OpLabel
OpLine %6 746 8
%7 = OpGroupNonUniformIAdd  %2  %8 Reduce %4
OpNoLine
OpReturnValue %7
OpFunctionEnd
