%1 = OpFunction  %2  None %3
%4 = OpLabel
OpLine %5 178 8
%6 = OpGroupNonUniformElect  %2  %7
OpNoLine
OpReturnValue %6
OpFunctionEnd
