%1 = OpFunction  %2  None %3
%4 = OpFunctionParameter  %5
%6 = OpLabel
OpLine %7 493 8
%8 = OpGroupNonUniformBallotBitCount  %2  %9 Reduce %4
OpNoLine
OpReturnValue %8
OpFunctionEnd
