error: #[spirv(matrix)] type must have at least two fields
 --> $DIR/invalid-matrix-type-empty.rs:7:1
  |
7 | pub struct EmptyStruct {}
  | ^^^^^^^^^^^^^^^^^^^^^^

error: aborting due to 1 previous error

