<!DOCTYPE html><html lang="en"><head><meta charset="utf-8"><meta name="viewport" content="width=device-width, initial-scale=1.0"><meta name="generator" content="rustdoc"><meta name="description" content="`Expected` represents an explanation of what data a `Visitor` was expecting to receive."><meta name="keywords" content="rust, rustlang, rust-lang, Expected"><title>Expected in serde::de - Rust</title><link rel="preload" as="font" type="font/woff2" crossorigin href="../../static.files/SourceSerif4-Regular-1f7d512b176f0f72.ttf.woff2"><link rel="preload" as="font" type="font/woff2" crossorigin href="../../static.files/FiraSans-Regular-018c141bf0843ffd.woff2"><link rel="preload" as="font" type="font/woff2" crossorigin href="../../static.files/FiraSans-Medium-8f9a781e4970d388.woff2"><link rel="preload" as="font" type="font/woff2" crossorigin href="../../static.files/SourceCodePro-Regular-562dcc5011b6de7d.ttf.woff2"><link rel="preload" as="font" type="font/woff2" crossorigin href="../../static.files/SourceSerif4-Bold-124a1ca42af929b6.ttf.woff2"><link rel="preload" as="font" type="font/woff2" crossorigin href="../../static.files/SourceCodePro-Semibold-d899c5a5c4aeb14a.ttf.woff2"><link rel="stylesheet" href="../../static.files/normalize-76eba96aa4d2e634.css"><link rel="stylesheet" href="../../static.files/rustdoc-52c5db6f6f352e54.css" id="mainThemeStyle"><link rel="stylesheet" id="themeStyle" href="../../static.files/light-4743e13df3dfe8c4.css"><link rel="stylesheet" disabled href="../../static.files/dark-0e1b889528bd466b.css"><link rel="stylesheet" disabled href="../../static.files/ayu-65289d5d067c7c66.css"><script id="default-settings" ></script><script src="../../static.files/storage-d43fa987303ecbbb.js"></script><script defer src="sidebar-items.js"></script><script defer src="../../static.files/main-3367e395607fafc1.js"></script><noscript><link rel="stylesheet" href="../../static.files/noscript-13285aec31fa243e.css"></noscript><link rel="alternate icon" type="image/png" href="../../static.files/favicon-16x16-8b506e7a72182f1c.png"><link rel="alternate icon" type="image/png" href="../../static.files/favicon-32x32-422f7d1d52889060.png"><link rel="icon" type="image/svg+xml" href="../../static.files/favicon-2c020d218678b618.svg"></head><body class="rustdoc trait"><!--[if lte IE 11]><div class="warning">This old browser is unsupported and will most likely display funky things.</div><![endif]--><nav class="mobile-topbar"><button class="sidebar-menu-toggle">&#9776;</button><a class="logo-container" href="../../serde/index.html"><img class="rust-logo" src="../../static.files/rust-logo-151179464ae7ed46.svg" alt="logo"></a><h2></h2></nav><nav class="sidebar"><a class="logo-container" href="../../serde/index.html"><img class="rust-logo" src="../../static.files/rust-logo-151179464ae7ed46.svg" alt="logo"></a><h2 class="location"><a href="#">Expected</a></h2><div class="sidebar-elems"><section><h3><a href="#required-methods">Required Methods</a></h3><ul class="block"><li><a href="#tymethod.fmt">fmt</a></li></ul><h3><a href="#foreign-impls">Implementations on Foreign Types</a></h3><ul class="block"><li><a href="#impl-Expected-for-%26%27a%20str">&amp;&#39;a str</a></li></ul><h3><a href="#trait-implementations">Trait Implementations</a></h3><ul class="block"><li><a href="#impl-Display-for-dyn%20Expected%20+%20%27a">Display</a></li></ul><h3><a href="#implementors">Implementors</a></h3></section><h2><a href="index.html">In serde::de</a></h2></div></nav><main><div class="width-limiter"><nav class="sub"><form class="search-form"><span></span><input class="search-input" name="search" aria-label="Run search in the documentation" autocomplete="off" spellcheck="false" placeholder="Click or press ‘S’ to search, ‘?’ for more options…" type="search"><div id="help-button" title="help" tabindex="-1"><a href="../../help.html">?</a></div><div id="settings-menu" tabindex="-1"><a href="../../settings.html" title="settings"><img width="22" height="22" alt="Change settings" src="../../static.files/wheel-5ec35bf9ca753509.svg"></a></div></form></nav><section id="main-content" class="content"><div class="main-heading"><h1>Trait <a href="../index.html">serde</a>::<wbr><a href="index.html">de</a>::<wbr><a class="trait" href="#">Expected</a><button id="copy-path" onclick="copy_path(this)" title="Copy item path to clipboard"><img src="../../static.files/clipboard-7571035ce49a181d.svg" width="19" height="18" alt="Copy item path"></button></h1><span class="out-of-band"><a class="srclink" href="../../src/serde/de/mod.rs.html#471-475">source</a> · <button id="toggle-all-docs" title="collapse all docs">[<span>&#x2212;</span>]</button></span></div><div class="item-decl"><pre class="rust"><code>pub trait Expected {
    fn <a href="#tymethod.fmt" class="fn">fmt</a>(&amp;self, formatter: &amp;mut <a class="struct" href="https://doc.rust-lang.org/nightly/core/fmt/struct.Formatter.html" title="struct core::fmt::Formatter">Formatter</a>&lt;'_&gt;) -&gt; <a class="type" href="https://doc.rust-lang.org/nightly/core/fmt/type.Result.html" title="type core::fmt::Result">Result</a>;
}</code></pre></div><details class="toggle top-doc" open><summary class="hideme"><span>Expand description</span></summary><div class="docblock"><p><code>Expected</code> represents an explanation of what data a <code>Visitor</code> was expecting
to receive.</p>
<p>This is used as an argument to the <code>invalid_type</code>, <code>invalid_value</code>, and
<code>invalid_length</code> methods of the <code>Error</code> trait to build error messages. The
message should be a noun or noun phrase that completes the sentence “This
Visitor expects to receive …”, for example the message could be “an
integer between 0 and 64”. The message should not be capitalized and should
not end with a period.</p>
<p>Within the context of a <code>Visitor</code> implementation, the <code>Visitor</code> itself
(<code>&amp;self</code>) is an implementation of this trait.</p>

<div class="example-wrap edition"><div class='tooltip' data-edition="2018">ⓘ</div><pre class="rust rust-example-rendered"><code><span class="kw">fn </span>visit_bool&lt;E&gt;(<span class="self">self</span>, v: bool) -&gt; <span class="prelude-ty">Result</span>&lt;<span class="self">Self</span>::Value, E&gt;
<span class="kw">where
    </span>E: de::Error,
{
    <span class="prelude-val">Err</span>(de::Error::invalid_type(Unexpected::Bool(v), <span class="kw-2">&amp;</span><span class="self">self</span>))
}</code></pre></div>
<p>Outside of a <code>Visitor</code>, <code>&amp;&quot;...&quot;</code> can be used.</p>

<div class="example-wrap edition"><div class='tooltip' data-edition="2018">ⓘ</div><pre class="rust rust-example-rendered"><code><span class="kw">return </span><span class="prelude-val">Err</span>(de::Error::invalid_type(Unexpected::Bool(v), <span class="kw-2">&amp;</span><span class="string">&quot;a negative integer&quot;</span>));</code></pre></div>
</div></details><h2 id="required-methods" class="small-section-header">Required Methods<a href="#required-methods" class="anchor">§</a></h2><div class="methods"><details class="toggle method-toggle" open><summary><section id="tymethod.fmt" class="method has-srclink"><a class="srclink rightside" href="../../src/serde/de/mod.rs.html#474">source</a><h4 class="code-header">fn <a href="#tymethod.fmt" class="fn">fmt</a>(&amp;self, formatter: &amp;mut <a class="struct" href="https://doc.rust-lang.org/nightly/core/fmt/struct.Formatter.html" title="struct core::fmt::Formatter">Formatter</a>&lt;'_&gt;) -&gt; <a class="type" href="https://doc.rust-lang.org/nightly/core/fmt/type.Result.html" title="type core::fmt::Result">Result</a></h4></section></summary><div class="docblock"><p>Format an explanation of what data was being expected. Same signature as
the <code>Display</code> and <code>Debug</code> traits.</p>
</div></details></div><h2 id="trait-implementations" class="small-section-header">Trait Implementations<a href="#trait-implementations" class="anchor">§</a></h2><div id="trait-implementations-list"><details class="toggle implementors-toggle" open><summary><section id="impl-Display-for-dyn%20Expected%20+%20%27a" class="impl has-srclink"><a class="srclink rightside" href="../../src/serde/de/mod.rs.html#492-496">source</a><a href="#impl-Display-for-dyn%20Expected%20+%20%27a" class="anchor">§</a><h3 class="code-header">impl&lt;'a&gt; <a class="trait" href="https://doc.rust-lang.org/nightly/core/fmt/trait.Display.html" title="trait core::fmt::Display">Display</a> for dyn <a class="trait" href="trait.Expected.html" title="trait serde::de::Expected">Expected</a> + 'a</h3></section></summary><div class="impl-items"><details class="toggle method-toggle" open><summary><section id="method.fmt" class="method trait-impl has-srclink"><a class="srclink rightside" href="../../src/serde/de/mod.rs.html#493-495">source</a><a href="#method.fmt" class="anchor">§</a><h4 class="code-header">fn <a href="https://doc.rust-lang.org/nightly/core/fmt/trait.Display.html#tymethod.fmt" class="fn">fmt</a>(&amp;self, formatter: &amp;mut <a class="struct" href="https://doc.rust-lang.org/nightly/core/fmt/struct.Formatter.html" title="struct core::fmt::Formatter">Formatter</a>&lt;'_&gt;) -&gt; <a class="type" href="https://doc.rust-lang.org/nightly/core/fmt/type.Result.html" title="type core::fmt::Result">Result</a></h4></section></summary><div class='docblock'>Formats the value using the given formatter. <a href="https://doc.rust-lang.org/nightly/core/fmt/trait.Display.html#tymethod.fmt">Read more</a></div></details></div></details></div><h2 id="foreign-impls" class="small-section-header">Implementations on Foreign Types<a href="#foreign-impls" class="anchor">§</a></h2><details class="toggle implementors-toggle"><summary><section id="impl-Expected-for-%26%27a%20str" class="impl has-srclink"><a class="srclink rightside" href="../../src/serde/de/mod.rs.html#486-490">source</a><a href="#impl-Expected-for-%26%27a%20str" class="anchor">§</a><h3 class="code-header">impl&lt;'a&gt; <a class="trait" href="trait.Expected.html" title="trait serde::de::Expected">Expected</a> for &amp;'a <a class="primitive" href="https://doc.rust-lang.org/nightly/std/primitive.str.html">str</a></h3></section></summary><div class="impl-items"><section id="method.fmt-1" class="method trait-impl has-srclink"><a class="srclink rightside" href="../../src/serde/de/mod.rs.html#487-489">source</a><a href="#method.fmt-1" class="anchor">§</a><h4 class="code-header">fn <a href="#tymethod.fmt" class="fn">fmt</a>(&amp;self, formatter: &amp;mut <a class="struct" href="https://doc.rust-lang.org/nightly/core/fmt/struct.Formatter.html" title="struct core::fmt::Formatter">Formatter</a>&lt;'_&gt;) -&gt; <a class="type" href="https://doc.rust-lang.org/nightly/core/fmt/type.Result.html" title="type core::fmt::Result">Result</a></h4></section></div></details><h2 id="implementors" class="small-section-header">Implementors<a href="#implementors" class="anchor">§</a></h2><div id="implementors-list"><section id="impl-Expected-for-T" class="impl has-srclink"><a class="srclink rightside" href="../../src/serde/de/mod.rs.html#477-484">source</a><a href="#impl-Expected-for-T" class="anchor">§</a><h3 class="code-header">impl&lt;'de, T&gt; <a class="trait" href="trait.Expected.html" title="trait serde::de::Expected">Expected</a> for T<span class="where fmt-newline">where<br>&nbsp;&nbsp;&nbsp;&nbsp;T: <a class="trait" href="trait.Visitor.html" title="trait serde::de::Visitor">Visitor</a>&lt;'de&gt;,</span></h3></section></div><script src="../../implementors/serde/de/trait.Expected.js" data-ignore-extern-crates="std" async></script></section></div></main><div id="rustdoc-vars" data-root-path="../../" data-static-root-path="../../static.files/" data-current-crate="serde" data-themes="" data-resource-suffix="" data-rustdoc-version="1.68.0-nightly (5ce39f42b 2023-01-20)" data-search-js="search-98d53477a794af0b.js" data-settings-js="settings-c3c521c753752a1a.js" data-settings-css="settings-ab1d4ae2ec52020e.css" ></div></body></html>