error: error:0:0 - Expected operand to be vector bool: All
  |
  = note: spirv-val failed
  = note: module `$TEST_BUILD_DIR/arch/all.stage-id.spv.dir/module`

error: aborting due to previous error

