error: error:0:0 - failed spawn executable: No such file or directory (os error 2)
  |
  = note: spirv-val failed
  = note: module `$TEST_BUILD_DIR/arch/workgroup_memory_barrier_with_group_sync.stage-id.spv.dir/module`

%1 = OpFunction  %2  None %3
%4 = OpLabel
OpLine %5 38 4
OpControlBarrier %6 %6 %7
OpLine %8 8 1
OpReturn
OpFunctionEnd
error: aborting due to previous error

