error: ImageSampleImplicitLod cannot be used outside a fragment shader
  |
  = note: Stack:
          <spirv_std::image::Image<f32, 1, 2, 0, 0, 1, 0, 4>>::sample::<f32, glam::f32::vec2::Vec2>
          implicit_not_in_fragment::deeper_stack
          implicit_not_in_fragment::deep_stack
          implicit_not_in_fragment::main
          main

error: ImageSampleImplicitLod cannot be used outside a fragment shader
  |
  = note: Stack:
          <spirv_std::image::Image<f32, 1, 2, 0, 0, 1, 0, 4>>::sample::<f32, glam::f32::vec2::Vec2>
          implicit_not_in_fragment::main
          main

error: aborting due to 2 previous errors

