error: module has recursion, which is not allowed: `<(i32, issue_764::Transform2D) as issue_764::GivesFinalTransform>::get_final_transform` calls `<(i32, issue_764::Transform2D) as issue_764::GivesFinalTransform>::get_final_transform`

error: aborting due to 1 previous error

