warning: `#[inline(never)]` function `member_ref_arg_broken::h` needs to be inlined because it has illegal argument or return types

warning: `#[inline(never)]` function `member_ref_arg_broken::h_newtyped` needs to be inlined because it has illegal argument or return types

error: error:0:0 - OpLoad Pointer <id> '$ID[%$ID]' is not a logical pointer.
         %39 = OpLoad %uint %38
  |
  = note: spirv-val failed
  = note: module `$TEST_BUILD_DIR/lang/core/ref/member_ref_arg-broken.default`

error: aborting due to 1 previous error; 2 warnings emitted

